command : echo test tout
>>> MINISHELL
exit
>>> BASH

command : echo test tout
>>> MINISHELL
exit
>>> BASH

command : echo -n test tout
>>> MINISHELL
exit
>>> BASH

command : echo -n -n -n test tout
>>> MINISHELL
exit
>>> BASH

command : echo -nnnnnnnnnnnnnnnnnnnn test tout
>>> MINISHELL
exit
>>> BASH

command : echo -nnnnnnnnnnnnnfnnnnnnn test tout
>>> MINISHELL
exit
>>> BASH

command : cd .. ; pwd; env | grep PWD | sort
>>> MINISHELL
exit
>>> BASH

command : cd /home ; pwd; env | grep PWD | sort
>>> MINISHELL
exit
>>> BASH

command : cd ; pwd; env | grep PWD | sort
>>> MINISHELL
exit
>>> BASH

command : mkdir test_dir ; cd test_dir ; rm -rf ../test_dir ; cd . ; pwd ; cd . ; pwd ; cd .. ; pwd ; env | grep PWD | sort
>>> MINISHELL
cd: error retrieving current directory: getcwd: cannot access parent directories: No such file or directory
cd: error retrieving current directory: getcwd: cannot access parent directories: No such file or directory
exit
>>> BASH
cd: error retrieving current directory: getcwd: cannot access parent directories: No such file or directory
cd: error retrieving current directory: getcwd: cannot access parent directories: No such file or directory

command : cd fdfddffdfdfdff
>>> MINISHELL
minishell: cd fdfddffdfdfdff: No such file or directory
exit
>>> BASH
bash: line 1: cd: fdfddffdfdfdff: No such file or directory

command : export CDPATH=/home/fyuta/minishell/srcs; cd builtin; pwd; env | grep PWD | sort
>>> MINISHELL
exit
>>> BASH

command : export CDPATH=/home:/home/fyuta/minishell/srcs; cd builtin; pwd; env | grep PWD | sort
>>> MINISHELL
exit
>>> BASH

command : cd
>>> MINISHELL
exit
>>> BASH

command : export AAA=BBB; env | grep AAA
>>> MINISHELL
exit
>>> BASH

command : export AAA=BBB; export AAA+=BBB; env | grep AAA
>>> MINISHELL
exit
>>> BASH

command : export AAA-=BBB; env | grep AAA
>>> MINISHELL
minishell: export: 'AAA-=BBB': not a valid identifier
exit
>>> BASH
bash: line 1: export: `AAA-=BBB': not a valid identifier

command : export AAA=; env | grep AAA
>>> MINISHELL
exit
>>> BASH

command : export 1AAA=; env | grep 1AAA
>>> MINISHELL
minishell: export: '1AAA=': not a valid identifier
exit
>>> BASH
bash: line 1: export: `1AAA=': not a valid identifier

command : export A1AA=; env | grep A1AA
>>> MINISHELL
exit
>>> BASH

command : export A1AA; env | grep A1AA
>>> MINISHELL
exit
>>> BASH

command : export LLL
>>> MINISHELL
exit
>>> BASH

command : export AAA=B; unset AAA ; env | grep AAA
>>> MINISHELL
exit
>>> BASH

command : export FFF=B; unset A B C D E FFF ; env | grep FFF
>>> MINISHELL
exit
>>> BASH

command : unset A B C D E F
>>> MINISHELL
exit
>>> BASH

command : echo test | cat -e | cat -e
>>> MINISHELL
exit
>>> BASH

command : ls|ls|ls|ls|ls|ls|ls
>>> MINISHELL
exit
>>> BASH

command : echo test \ test
>>> MINISHELL
exit
>>> BASH

command : echo \"test
>>> MINISHELL
exit
>>> BASH

command : echo $TEST
>>> MINISHELL
exit
>>> BASH

command : echo "$TEST"
>>> MINISHELL
exit
>>> BASH

command : echo ''
>>> MINISHELL
exit
>>> BASH

command : echo "$TEST$TEST$TEST"
>>> MINISHELL
exit
>>> BASH

command : echo "$TEST$TEST=lol$TEST"
>>> MINISHELL
exit
>>> BASH

command : echo " $TEST lol $TEST"
>>> MINISHELL
exit
>>> BASH

command : echo $TEST$TEST$TEST
>>> MINISHELL
exit
>>> BASH

command : echo $TEST$TEST=lol$TEST""lol
>>> MINISHELL
exit
>>> BASH

command : echo $TEST lol $TEST
>>> MINISHELL
exit
>>> BASH

command : echo test "" test "" test
>>> MINISHELL
exit
>>> BASH

command : echo "\$TEST"
>>> MINISHELL
exit
>>> BASH

command : echo "$=TEST"
>>> MINISHELL
exit
>>> BASH

command : echo "$"
>>> MINISHELL
exit
>>> BASH

command : echo "$?TEST"
>>> MINISHELL
exit
>>> BASH

command : echo $TEST $TEST
>>> MINISHELL
exit
>>> BASH

command : echo "$1TEST"
>>> MINISHELL
exit
>>> BASH

command : echo "$T1TEST"
>>> MINISHELL
exit
>>> BASH

command : echo
>>> MINISHELL
exit
>>> BASH

command : echo """"
>>> MINISHELL
exit
>>> BASH

command : echo ""
>>> MINISHELL
exit
>>> BASH

command : echo "$KKKK"
>>> MINISHELL
exit
>>> BASH

